#
# There is insufficient memory for the Java Runtime Environment to continue.
# Native memory allocation (malloc) failed to allocate 1048576 bytes. Error detail: AllocateHeap
# Possible reasons:
#   The system is out of physical RAM or swap space
#   This process is running with CompressedOops enabled, and the Java Heap may be blocking the growth of the native heap
# Possible solutions:
#   Reduce memory load on the system
#   Increase physical memory or swap space
#   Check if swap backing store is full
#   Decrease Java heap size (-Xmx/-Xms)
#   Decrease number of Java threads
#   Decrease Java thread stack sizes (-Xss)
#   Set larger code cache with -XX:ReservedCodeCacheSize=
#   JVM is running with Unscaled Compressed Oops mode in which the Java heap is
#     placed in the first 4GB address space. The Java Heap base address is the
#     maximum limit for the native heap growth. Please use -XX:HeapBaseMinAddress
#     to set the Java Heap base and to place the Java Heap above 4GB virtual address.
# This output file may be truncated or incomplete.
#
#  Out of Memory Error (allocation.cpp:44), pid=13976, tid=13016
#
# JRE version: OpenJDK Runtime Environment Temurin-21.0.9+10 (21.0.9+10) (build 21.0.9+10-LTS)
# Java VM: OpenJDK 64-Bit Server VM Temurin-21.0.9+10 (21.0.9+10-LTS, mixed mode, sharing, tiered, compressed oops, compressed class ptrs, parallel gc, windows-amd64)
# No core dump will be written. Minidumps are not enabled by default on client versions of Windows
#

---------------  S U M M A R Y ------------

Command Line: --add-modules=ALL-SYSTEM --add-opens=java.base/java.util=ALL-UNNAMED --add-opens=java.base/java.lang=ALL-UNNAMED --add-opens=java.base/sun.nio.fs=ALL-UNNAMED -Declipse.application=org.eclipse.jdt.ls.core.id1 -Dosgi.bundles.defaultStartLevel=4 -Declipse.product=org.eclipse.jdt.ls.core.product -Djava.import.generatesMetadataFilesAtProjectRoot=false -DDetectVMInstallationsJob.disabled=true -Dfile.encoding=utf8 -XX:+UseParallelGC -XX:GCTimeRatio=4 -XX:AdaptiveSizePolicyWeight=90 -Dsun.zip.disableMemoryMapping=true -Xmx2G -Xms100m -Xlog:disable -javaagent:c:\Users\Hp\.vscode\extensions\redhat.java-1.52.0-win32-x64\lombok\lombok-1.18.39-4050.jar -XX:+HeapDumpOnOutOfMemoryError -XX:HeapDumpPath=c:\Users\Hp\AppData\Roaming\Code\User\workspaceStorage\feb5e851b40d3fff2109c2d1e0d7289a\redhat.java -Daether.dependencyCollector.impl=bf c:\Users\Hp\.vscode\extensions\redhat.java-1.52.0-win32-x64\server\plugins\org.eclipse.equinox.launcher_1.7.100.v20251111-0406.jar -configuration c:\Users\Hp\AppData\Roaming\Code\User\globalStorage\redhat.java\1.52.0\config_win -data c:\Users\Hp\AppData\Roaming\Code\User\workspaceStorage\feb5e851b40d3fff2109c2d1e0d7289a\redhat.java\jdt_ws --pipe=\\.\pipe\lsp-28229cc012e6523184982f55789cbc2c-sock

Host: Intel(R) Core(TM) i5-8250U CPU @ 1.60GHz, 8 cores, 7G,  Windows 11 , 64 bit Build 26100 (10.0.26100.7705)
Time: Tue Feb 24 23:34:06 2026 India Standard Time elapsed time: 4279.728213 seconds (0d 1h 11m 19s)

---------------  T H R E A D  ---------------

Current thread (0x000001b1d4e48dc0):  JavaThread "Attach Listener" daemon [_thread_in_vm, id=13016, stack(0x0000004a05f00000,0x0000004a06000000) (1024K)]

Stack: [0x0000004a05f00000,0x0000004a06000000]
Native frames: (J=compiled Java code, j=interpreted, Vv=VM code, C=native code)
V  [jvm.dll+0x6d6e29]
V  [jvm.dll+0x8b4b76]
V  [jvm.dll+0x8b712e]
V  [jvm.dll+0x8b7813]
V  [jvm.dll+0x283d86]
V  [jvm.dll+0xc1277]
V  [jvm.dll+0x6d76d9]
V  [jvm.dll+0x133466]
V  [jvm.dll+0x3f7ea6]
V  [jvm.dll+0x85e9ad]
V  [jvm.dll+0x6d565d]
C  [ucrtbase.dll+0x37b0]
C  [KERNEL32.DLL+0x2e8d7]
C  [ntdll.dll+0x8c40c]


---------------  P R O C E S S  ---------------

Threads class SMR info:
_java_thread_list=0x000001b21e4ea2e0, length=34, elements={
0x000001b1be3ce200, 0x000001b1be48a400, 0x000001b1d4e44b00, 0x000001b1d4e473b0,
0x000001b1d4e48dc0, 0x000001b1d4e4e240, 0x000001b1d4e56930, 0x000001b1d4e4d8d0,
0x000001b217790500, 0x000001b21799dd50, 0x000001b21799fe20, 0x000001b2179a11d0,
0x000001b2179a0b40, 0x000001b21799e3e0, 0x000001b21799ea70, 0x000001b2179a04b0,
0x000001b21799f100, 0x000001b21799f790, 0x000001b21d0ac7f0, 0x000001b21d0adba0,
0x000001b21d0ac160, 0x000001b21d0ae230, 0x000001b21d0abad0, 0x000001b21d0ae8c0,
0x000001b21d0ab440, 0x000001b21d0b0300, 0x000001b21d0b16b0, 0x000001b21d0b1020,
0x000001b21d0aef50, 0x000001b21d0af5e0, 0x000001b21d0afc70, 0x000001b21fca1b50,
0x000001b21fca3590, 0x000001b21fca70a0
}

Java Threads: ( => current thread )
  0x000001b1be3ce200 JavaThread "main"                              [_thread_blocked, id=19064, stack(0x0000004a05800000,0x0000004a05900000) (1024K)]
  0x000001b1be48a400 JavaThread "Reference Handler"          daemon [_thread_blocked, id=7880, stack(0x0000004a05c00000,0x0000004a05d00000) (1024K)]
  0x000001b1d4e44b00 JavaThread "Finalizer"                  daemon [_thread_blocked, id=3884, stack(0x0000004a05d00000,0x0000004a05e00000) (1024K)]
  0x000001b1d4e473b0 JavaThread "Signal Dispatcher"          daemon [_thread_blocked, id=19516, stack(0x0000004a05e00000,0x0000004a05f00000) (1024K)]
=>0x000001b1d4e48dc0 JavaThread "Attach Listener"            daemon [_thread_in_vm, id=13016, stack(0x0000004a05f00000,0x0000004a06000000) (1024K)]
  0x000001b1d4e4e240 JavaThread "Service Thread"             daemon [_thread_blocked, id=13784, stack(0x0000004a06000000,0x0000004a06100000) (1024K)]
  0x000001b1d4e56930 JavaThread "Monitor Deflation Thread"   daemon [_thread_blocked, id=20420, stack(0x0000004a06100000,0x0000004a06200000) (1024K)]
  0x000001b1d4e4d8d0 JavaThread "C2 CompilerThread0"         daemon [_thread_blocked, id=17656, stack(0x0000004a06200000,0x0000004a06300000) (1024K)]
  0x000001b217790500 JavaThread "C1 CompilerThread0"         daemon [_thread_blocked, id=9764, stack(0x0000004a06300000,0x0000004a06400000) (1024K)]
  0x000001b21799dd50 JavaThread "Common-Cleaner"             daemon [_thread_blocked, id=17608, stack(0x0000004a06500000,0x0000004a06600000) (1024K)]
  0x000001b21799fe20 JavaThread "Notification Thread"        daemon [_thread_blocked, id=5060, stack(0x0000004a06400000,0x0000004a06500000) (1024K)]
  0x000001b2179a11d0 JavaThread "Active Thread: Equinox Container: 05de7d71-f137-4deb-bcf6-755b3e81bc46"        [_thread_blocked, id=6892, stack(0x0000004a06c00000,0x0000004a06d00000) (1024K)]
  0x000001b2179a0b40 JavaThread "Refresh Thread: Equinox Container: 05de7d71-f137-4deb-bcf6-755b3e81bc46" daemon [_thread_blocked, id=12208, stack(0x0000004a06e00000,0x0000004a06f00000) (1024K)]
  0x000001b21799e3e0 JavaThread "Framework Event Dispatcher: Equinox Container: 05de7d71-f137-4deb-bcf6-755b3e81bc46" daemon [_thread_blocked, id=11244, stack(0x0000004a06f00000,0x0000004a07000000) (1024K)]
  0x000001b21799ea70 JavaThread "Start Level: Equinox Container: 05de7d71-f137-4deb-bcf6-755b3e81bc46" daemon [_thread_blocked, id=14192, stack(0x0000004a07000000,0x0000004a07100000) (1024K)]
  0x000001b2179a04b0 JavaThread "Bundle File Closer"         daemon [_thread_blocked, id=2816, stack(0x0000004a07200000,0x0000004a07300000) (1024K)]
  0x000001b21799f100 JavaThread "SCR Component Actor"        daemon [_thread_blocked, id=3172, stack(0x0000004a07100000,0x0000004a07200000) (1024K)]
  0x000001b21799f790 JavaThread "Worker-JM"                         [_thread_blocked, id=16460, stack(0x0000004a07500000,0x0000004a07600000) (1024K)]
  0x000001b21d0ac7f0 JavaThread "JNA Cleaner"                daemon [_thread_blocked, id=14472, stack(0x0000004a07300000,0x0000004a07400000) (1024K)]
  0x000001b21d0adba0 JavaThread "Java indexing"              daemon [_thread_blocked, id=13112, stack(0x0000004a07800000,0x0000004a07900000) (1024K)]
  0x000001b21d0ac160 JavaThread "Thread-1"                   daemon [_thread_in_native, id=10528, stack(0x0000004a07e00000,0x0000004a07f00000) (1024K)]
  0x000001b21d0ae230 JavaThread "Thread-2"                   daemon [_thread_in_native, id=11760, stack(0x0000004a07f00000,0x0000004a08000000) (1024K)]
  0x000001b21d0abad0 JavaThread "Thread-3"                   daemon [_thread_in_native, id=16540, stack(0x0000004a08000000,0x0000004a08100000) (1024K)]
  0x000001b21d0ae8c0 JavaThread "Thread-4"                   daemon [_thread_in_native, id=6448, stack(0x0000004a08100000,0x0000004a08200000) (1024K)]
  0x000001b21d0ab440 JavaThread "Thread-5"                   daemon [_thread_in_native, id=3456, stack(0x0000004a08200000,0x0000004a08300000) (1024K)]
  0x000001b21d0b0300 JavaThread "Thread-6"                   daemon [_thread_in_native, id=9372, stack(0x0000004a08300000,0x0000004a08400000) (1024K)]
  0x000001b21d0b16b0 JavaThread "Thread-7"                   daemon [_thread_in_native, id=14880, stack(0x0000004a08400000,0x0000004a08500000) (1024K)]
  0x000001b21d0b1020 JavaThread "Thread-8"                   daemon [_thread_in_native, id=13128, stack(0x0000004a08500000,0x0000004a08600000) (1024K)]
  0x000001b21d0aef50 JavaThread "Thread-9"                   daemon [_thread_in_native, id=4116, stack(0x0000004a08600000,0x0000004a08700000) (1024K)]
  0x000001b21d0af5e0 JavaThread "pool-2-thread-1"                   [_thread_blocked, id=14428, stack(0x0000004a08700000,0x0000004a08800000) (1024K)]
  0x000001b21d0afc70 JavaThread "WorkspaceEventsHandler"            [_thread_blocked, id=7296, stack(0x0000004a08800000,0x0000004a08900000) (1024K)]
  0x000001b21fca1b50 JavaThread "pool-1-thread-1"                   [_thread_blocked, id=14864, stack(0x0000004a08900000,0x0000004a08a00000) (1024K)]
  0x000001b21fca3590 JavaThread "Worker-8"                          [_thread_blocked, id=9720, stack(0x0000004a07c00000,0x0000004a07d00000) (1024K)]
  0x000001b21fca70a0 JavaThread "Worker-9"                          [_thread_blocked, id=18628, stack(0x0000004a07900000,0x0000004a07a00000) (1024K)]
Total: 34

Other Threads:
  0x000001b1d4e41c90 VMThread "VM Thread"                           [id=3208, stack(0x0000004a05b00000,0x0000004a05c00000) (1024K)]
  0x000001b1d4d5ca00 WatcherThread "VM Periodic Task Thread"        [id=8240, stack(0x0000004a05a00000,0x0000004a05b00000) (1024K)]
  0x000001b1be3ec930 WorkerThread "GC Thread#0"                     [id=19396, stack(0x0000004a05900000,0x0000004a05a00000) (1024K)]
  0x000001b21c3328a0 WorkerThread "GC Thread#1"                     [id=14600, stack(0x0000004a06600000,0x0000004a06700000) (1024K)]
  0x000001b21c332c40 WorkerThread "GC Thread#2"                     [id=11976, stack(0x0000004a06700000,0x0000004a06800000) (1024K)]
  0x000001b21c332fe0 WorkerThread "GC Thread#3"                     [id=7820, stack(0x0000004a06800000,0x0000004a06900000) (1024K)]
  0x000001b21c1aadd0 WorkerThread "GC Thread#4"                     [id=19464, stack(0x0000004a06900000,0x0000004a06a00000) (1024K)]
  0x000001b21c1ab170 WorkerThread "GC Thread#5"                     [id=7352, stack(0x0000004a06a00000,0x0000004a06b00000) (1024K)]
  0x000001b21c1ab510 WorkerThread "GC Thread#6"                     [id=17604, stack(0x0000004a06b00000,0x0000004a06c00000) (1024K)]
  0x000001b21c2a8420 WorkerThread "GC Thread#7"                     [id=15952, stack(0x0000004a06d00000,0x0000004a06e00000) (1024K)]
Total: 10

Threads with active compile tasks:
Total: 0

VM state: not at safepoint (normal execution)

VM Mutex/Monitor currently owned by a thread: None

Heap address: 0x0000000080000000, size: 2048 MB, Compressed Oops mode: 32-bit

CDS archive(s) mapped at: [0x000001b1d5000000-0x000001b1d5ba0000-0x000001b1d5ba0000), size 12189696, SharedBaseAddress: 0x000001b1d5000000, ArchiveRelocationMode: 1.
Compressed class space mapped at: 0x000001b1d6000000-0x000001b216000000, reserved size: 1073741824
Narrow klass base: 0x000001b1d5000000, Narrow klass shift: 0, Narrow klass range: 0x100000000

GC Precious Log:
 CardTable entry size: 512
 CPUs: 8 total, 8 available
 Memory: 8106M
 Large Page Support: Disabled
 NUMA Support: Disabled
 Compressed Oops: Enabled (32-bit)
 Alignments: Space 512K, Generation 512K, Heap 2M
 Heap Min Capacity: 100M
 Heap Initial Capacity: 100M
 Heap Max Capacity: 2G
 Pre-touch: Disabled
 Parallel Workers: 8

Heap:
 PSYoungGen      total 5120K, used 4841K [0x00000000d5580000, 0x00000000d5d80000, 0x0000000100000000)
  eden space 3072K, 92% used [0x00000000d5580000,0x00000000d5849c40,0x00000000d5880000)
  from space 2048K, 97% used [0x00000000d5b80000,0x00000000d5d70aa8,0x00000000d5d80000)
  to   space 2560K, 0% used [0x00000000d5880000,0x00000000d5880000,0x00000000d5b00000)
 ParOldGen       total 195072K, used 194678K [0x0000000080000000, 0x000000008be80000, 0x00000000d5580000)
  object space 195072K, 99% used [0x0000000080000000,0x000000008be1db20,0x000000008be80000)
 Metaspace       used 66507K, committed 67904K, reserved 1114112K
  class space    used 7024K, committed 7616K, reserved 1048576K

Card table byte_map: [0x000001b1bdd90000,0x000001b1be1a0000] _byte_map_base: 0x000001b1bd990000

Marking Bits: (ParMarkBitMap*) 0x00007ffbcbba2460
 Begin Bits: [0x000001b1d0880000, 0x000001b1d2880000)
 End Bits:   [0x000001b1d2880000, 0x000001b1d4880000)

Polling page: 0x000001b1bc5d0000

Metaspace:

Usage:
  Non-class:     58.09 MB used.
      Class:      6.86 MB used.
       Both:     64.95 MB used.

Virtual space:
  Non-class space:       64.00 MB reserved,      58.88 MB ( 92%) committed,  1 nodes.
      Class space:        1.00 GB reserved,       7.44 MB ( <1%) committed,  1 nodes.
             Both:        1.06 GB reserved,      66.31 MB (  6%) committed. 

Chunk freelists:
   Non-Class:  5.02 MB
       Class:  8.50 MB
        Both:  13.52 MB

MaxMetaspaceSize: unlimited
CompressedClassSpaceSize: 1.00 GB
Initial GC threshold: 21.00 MB
Current GC threshold: 97.31 MB
CDS: on
 - commit_granule_bytes: 65536.
 - commit_granule_words: 8192.
 - virtual_space_node_default_size: 8388608.
 - enlarge_chunks_in_place: 1.
 - use_allocation_guard: 0.


Internal statistics:

num_allocs_failed_limit: 9.
num_arena_births: 1246.
num_arena_deaths: 22.
num_vsnodes_births: 2.
num_vsnodes_deaths: 0.
num_space_committed: 1061.
num_space_uncommitted: 0.
num_chunks_returned_to_freelist: 35.
num_chunks_taken_from_freelist: 4402.
num_chunk_merges: 14.
num_chunk_splits: 2696.
num_chunks_enlarged: 1526.
num_inconsistent_stats: 0.

CodeHeap 'non-profiled nmethods': size=120000Kb used=9424Kb max_used=9424Kb free=110575Kb
 bounds [0x000001b1c90a0000, 0x000001b1c99e0000, 0x000001b1d05d0000]
CodeHeap 'profiled nmethods': size=120000Kb used=27814Kb max_used=27814Kb free=92185Kb
 bounds [0x000001b1c15d0000, 0x000001b1c3100000, 0x000001b1c8b00000]
CodeHeap 'non-nmethods': size=5760Kb used=1434Kb max_used=1532Kb free=4325Kb
 bounds [0x000001b1c8b00000, 0x000001b1c8d70000, 0x000001b1c90a0000]
CodeCache: size=245760Kb, used=38672Kb, max_used=38770Kb, free=207085Kb
 total_blobs=12829, nmethods=12086, adapters=647, full_count=0
Compilation: enabled, stopped_count=0, restarted_count=0

Compilation events (20 events):
Event: 3814.150 Thread 0x000001b1d4e4d8d0 nmethod 12904 0x000001b1c99d2d90 code [0x000001b1c99d2fa0, 0x000001b1c99d33e0]
Event: 3814.155 Thread 0x000001b217790500 nmethod 12905 0x000001b1c30eba90 code [0x000001b1c30ec220, 0x000001b1c30f0a60]
Event: 3814.155 Thread 0x000001b217790500 12907       3       org.eclipse.core.internal.localstore.FileSystemResourceManager::findLinkedResourcesPaths (155 bytes)
Event: 3814.157 Thread 0x000001b217790500 nmethod 12907 0x000001b1c30f2910 code [0x000001b1c30f2d40, 0x000001b1c30f4eb8]
Event: 3814.157 Thread 0x000001b217790500 12906       3       org.eclipse.core.internal.resources.PathVariableManager::resolveURI (59 bytes)
Event: 3814.158 Thread 0x000001b217790500 nmethod 12906 0x000001b1c30f5c90 code [0x000001b1c30f5ee0, 0x000001b1c30f6660]
Event: 3826.939 Thread 0x000001b217790500 12908   !   3       org.eclipse.core.filesystem.URIUtil::toPath (76 bytes)
Event: 3826.942 Thread 0x000001b217790500 nmethod 12908 0x000001b1c30f6990 code [0x000001b1c30f6cc0, 0x000001b1c30f7c58]
Event: 3842.381 Thread 0x000001b1d4e4d8d0 12909       4       java.util.ArrayList$ArrayListSpliterator::forEachRemaining (127 bytes)
Event: 3842.384 Thread 0x000001b1d4e4d8d0 nmethod 12909 0x000001b1c99d3790 code [0x000001b1c99d3940, 0x000001b1c99d3b98]
Event: 3848.518 Thread 0x000001b1d4e4d8d0 12910       4       java.net.URI::isOpaque (13 bytes)
Event: 3848.518 Thread 0x000001b1d4e4d8d0 nmethod 12910 0x000001b1c99d3d90 code [0x000001b1c99d3f20, 0x000001b1c99d3fc8]
Event: 3861.588 Thread 0x000001b217790500 12911       3       org.eclipse.lsp4j.jsonrpc.json.MessageJsonHandler::getJsonRpcMethod (39 bytes)
Event: 3861.590 Thread 0x000001b217790500 nmethod 12911 0x000001b1c30f8290 code [0x000001b1c30f8480, 0x000001b1c30f8898]
Event: 3903.491 Thread 0x000001b217790500 12912       1       com.sun.jna.internal.Cleaner::access$200 (5 bytes)
Event: 3903.494 Thread 0x000001b217790500 nmethod 12912 0x000001b1c99d4090 code [0x000001b1c99d4220, 0x000001b1c99d42d0]
Event: 3906.126 Thread 0x000001b217790500 12913       3       org.eclipse.jdt.ls.core.internal.ParentProcessWatcher::parentProcessStillRunning (62 bytes)
Event: 3906.135 Thread 0x000001b217790500 nmethod 12913 0x000001b1c30f8a10 code [0x000001b1c30f8c40, 0x000001b1c30f9328]
Event: 3959.012 Thread 0x000001b217790500 12914       3       org.eclipse.core.internal.resources.MarkerAttributeMap::getMap (11 bytes)
Event: 3959.014 Thread 0x000001b217790500 nmethod 12914 0x000001b1c30f9590 code [0x000001b1c30f9740, 0x000001b1c30f9980]

GC Heap History (20 events):
Event: 604.950 GC heap before
{Heap before GC invocations=86 (full 3):
 PSYoungGen      total 11264K, used 11065K [0x00000000d5580000, 0x00000000d6a00000, 0x0000000100000000)
  eden space 5632K, 97% used [0x00000000d5580000,0x00000000d5ad65a0,0x00000000d5b00000)
  from space 5632K, 99% used [0x00000000d6480000,0x00000000d69f8000,0x00000000d6a00000)
  to   space 6656K, 0% used [0x00000000d5d00000,0x00000000d5d00000,0x00000000d6380000)
 ParOldGen       total 175104K, used 175000K [0x0000000080000000, 0x000000008ab00000, 0x00000000d5580000)
  object space 175104K, 99% used [0x0000000080000000,0x000000008aae6228,0x000000008ab00000)
 Metaspace       used 65898K, committed 67328K, reserved 1114112K
  class space    used 6958K, committed 7552K, reserved 1048576K
}
Event: 604.962 GC heap after
{Heap after GC invocations=86 (full 3):
 PSYoungGen      total 9728K, used 3621K [0x00000000d5580000, 0x00000000d6500000, 0x0000000100000000)
  eden space 5632K, 0% used [0x00000000d5580000,0x00000000d5580000,0x00000000d5b00000)
  from space 4096K, 88% used [0x00000000d5d00000,0x00000000d6089798,0x00000000d6100000)
  to   space 4096K, 0% used [0x00000000d6100000,0x00000000d6100000,0x00000000d6500000)
 ParOldGen       total 180736K, used 180312K [0x0000000080000000, 0x000000008b080000, 0x00000000d5580000)
  object space 180736K, 99% used [0x0000000080000000,0x000000008b016228,0x000000008b080000)
 Metaspace       used 65898K, committed 67328K, reserved 1114112K
  class space    used 6958K, committed 7552K, reserved 1048576K
}
Event: 605.058 GC heap before
{Heap before GC invocations=87 (full 3):
 PSYoungGen      total 9728K, used 9253K [0x00000000d5580000, 0x00000000d6500000, 0x0000000100000000)
  eden space 5632K, 100% used [0x00000000d5580000,0x00000000d5b00000,0x00000000d5b00000)
  from space 4096K, 88% used [0x00000000d5d00000,0x00000000d6089798,0x00000000d6100000)
  to   space 4096K, 0% used [0x00000000d6100000,0x00000000d6100000,0x00000000d6500000)
 ParOldGen       total 180736K, used 180312K [0x0000000080000000, 0x000000008b080000, 0x00000000d5580000)
  object space 180736K, 99% used [0x0000000080000000,0x000000008b016228,0x000000008b080000)
 Metaspace       used 65899K, committed 67328K, reserved 1114112K
  class space    used 6958K, committed 7552K, reserved 1048576K
}
Event: 605.064 GC heap after
{Heap after GC invocations=87 (full 3):
 PSYoungGen      total 7168K, used 4089K [0x00000000d5580000, 0x00000000d6c00000, 0x0000000100000000)
  eden space 3072K, 0% used [0x00000000d5580000,0x00000000d5580000,0x00000000d5880000)
  from space 4096K, 99% used [0x00000000d6100000,0x00000000d64fe6d0,0x00000000d6500000)
  to   space 8704K, 0% used [0x00000000d5880000,0x00000000d5880000,0x00000000d6100000)
 ParOldGen       total 184320K, used 184142K [0x0000000080000000, 0x000000008b400000, 0x00000000d5580000)
  object space 184320K, 99% used [0x0000000080000000,0x000000008b3d3898,0x000000008b400000)
 Metaspace       used 65899K, committed 67328K, reserved 1114112K
  class space    used 6958K, committed 7552K, reserved 1048576K
}
Event: 605.145 GC heap before
{Heap before GC invocations=88 (full 3):
 PSYoungGen      total 7168K, used 7153K [0x00000000d5580000, 0x00000000d6c00000, 0x0000000100000000)
  eden space 3072K, 99% used [0x00000000d5580000,0x00000000d587dfb8,0x00000000d5880000)
  from space 4096K, 99% used [0x00000000d6100000,0x00000000d64fe6d0,0x00000000d6500000)
  to   space 8704K, 0% used [0x00000000d5880000,0x00000000d5880000,0x00000000d6100000)
 ParOldGen       total 184320K, used 184142K [0x0000000080000000, 0x000000008b400000, 0x00000000d5580000)
  object space 184320K, 99% used [0x0000000080000000,0x000000008b3d3898,0x000000008b400000)
 Metaspace       used 65921K, committed 67328K, reserved 1114112K
  class space    used 6958K, committed 7552K, reserved 1048576K
}
Event: 605.154 GC heap after
{Heap after GC invocations=88 (full 3):
 PSYoungGen      total 4608K, used 1511K [0x00000000d5580000, 0x00000000d6180000, 0x0000000100000000)
  eden space 3072K, 0% used [0x00000000d5580000,0x00000000d5580000,0x00000000d5880000)
  from space 1536K, 98% used [0x00000000d5880000,0x00000000d59f9fa0,0x00000000d5a00000)
  to   space 4096K, 0% used [0x00000000d5d80000,0x00000000d5d80000,0x00000000d6180000)
 ParOldGen       total 188416K, used 188176K [0x0000000080000000, 0x000000008b800000, 0x00000000d5580000)
  object space 188416K, 99% used [0x0000000080000000,0x000000008b7c4188,0x000000008b800000)
 Metaspace       used 65921K, committed 67328K, reserved 1114112K
  class space    used 6958K, committed 7552K, reserved 1048576K
}
Event: 834.018 GC heap before
{Heap before GC invocations=89 (full 3):
 PSYoungGen      total 4608K, used 4583K [0x00000000d5580000, 0x00000000d6180000, 0x0000000100000000)
  eden space 3072K, 100% used [0x00000000d5580000,0x00000000d5880000,0x00000000d5880000)
  from space 1536K, 98% used [0x00000000d5880000,0x00000000d59f9fa0,0x00000000d5a00000)
  to   space 4096K, 0% used [0x00000000d5d80000,0x00000000d5d80000,0x00000000d6180000)
 ParOldGen       total 188416K, used 188176K [0x0000000080000000, 0x000000008b800000, 0x00000000d5580000)
  object space 188416K, 99% used [0x0000000080000000,0x000000008b7c4188,0x000000008b800000)
 Metaspace       used 65968K, committed 67392K, reserved 1114112K
  class space    used 6958K, committed 7552K, reserved 1048576K
}
Event: 834.085 GC heap after
{Heap after GC invocations=89 (full 3):
 PSYoungGen      total 3584K, used 512K [0x00000000d5580000, 0x00000000d5e00000, 0x0000000100000000)
  eden space 3072K, 0% used [0x00000000d5580000,0x00000000d5580000,0x00000000d5880000)
  from space 512K, 100% used [0x00000000d5d80000,0x00000000d5e00000,0x00000000d5e00000)
  to   space 1536K, 0% used [0x00000000d5b00000,0x00000000d5b00000,0x00000000d5c80000)
 ParOldGen       total 189440K, used 189031K [0x0000000080000000, 0x000000008b900000, 0x00000000d5580000)
  object space 189440K, 99% used [0x0000000080000000,0x000000008b899ec0,0x000000008b900000)
 Metaspace       used 65968K, committed 67392K, reserved 1114112K
  class space    used 6958K, committed 7552K, reserved 1048576K
}
Event: 3483.407 GC heap before
{Heap before GC invocations=90 (full 3):
 PSYoungGen      total 3584K, used 3583K [0x00000000d5580000, 0x00000000d5e00000, 0x0000000100000000)
  eden space 3072K, 99% used [0x00000000d5580000,0x00000000d587ffe8,0x00000000d5880000)
  from space 512K, 100% used [0x00000000d5d80000,0x00000000d5e00000,0x00000000d5e00000)
  to   space 1536K, 0% used [0x00000000d5b00000,0x00000000d5b00000,0x00000000d5c80000)
 ParOldGen       total 189440K, used 189031K [0x0000000080000000, 0x000000008b900000, 0x00000000d5580000)
  object space 189440K, 99% used [0x0000000080000000,0x000000008b899ec0,0x000000008b900000)
 Metaspace       used 66024K, committed 67456K, reserved 1114112K
  class space    used 6958K, committed 7552K, reserved 1048576K
}
Event: 3483.499 GC heap after
{Heap after GC invocations=90 (full 3):
 PSYoungGen      total 4608K, used 320K [0x00000000d5580000, 0x00000000d5e00000, 0x0000000100000000)
  eden space 3072K, 0% used [0x00000000d5580000,0x00000000d5580000,0x00000000d5880000)
  from space 1536K, 20% used [0x00000000d5b00000,0x00000000d5b50020,0x00000000d5c80000)
  to   space 512K, 0% used [0x00000000d5d80000,0x00000000d5d80000,0x00000000d5e00000)
 ParOldGen       total 189440K, used 189418K [0x0000000080000000, 0x000000008b900000, 0x00000000d5580000)
  object space 189440K, 99% used [0x0000000080000000,0x000000008b8fabd0,0x000000008b900000)
 Metaspace       used 66024K, committed 67456K, reserved 1114112K
  class space    used 6958K, committed 7552K, reserved 1048576K
}
Event: 3798.305 GC heap before
{Heap before GC invocations=91 (full 3):
 PSYoungGen      total 4608K, used 3384K [0x00000000d5580000, 0x00000000d5e00000, 0x0000000100000000)
  eden space 3072K, 99% used [0x00000000d5580000,0x00000000d587e058,0x00000000d5880000)
  from space 1536K, 20% used [0x00000000d5b00000,0x00000000d5b50020,0x00000000d5c80000)
  to   space 512K, 0% used [0x00000000d5d80000,0x00000000d5d80000,0x00000000d5e00000)
 ParOldGen       total 189440K, used 189418K [0x0000000080000000, 0x000000008b900000, 0x00000000d5580000)
  object space 189440K, 99% used [0x0000000080000000,0x000000008b8fabd0,0x000000008b900000)
 Metaspace       used 66165K, committed 67648K, reserved 1114112K
  class space    used 6976K, committed 7616K, reserved 1048576K
}
Event: 3798.337 GC heap after
{Heap after GC invocations=91 (full 3):
 PSYoungGen      total 3584K, used 288K [0x00000000d5580000, 0x00000000d5e00000, 0x0000000100000000)
  eden space 3072K, 0% used [0x00000000d5580000,0x00000000d5580000,0x00000000d5880000)
  from space 512K, 56% used [0x00000000d5d80000,0x00000000d5dc8020,0x00000000d5e00000)
  to   space 512K, 0% used [0x00000000d5d00000,0x00000000d5d00000,0x00000000d5d80000)
 ParOldGen       total 189952K, used 189587K [0x0000000080000000, 0x000000008b980000, 0x00000000d5580000)
  object space 189952K, 99% used [0x0000000080000000,0x000000008b924c00,0x000000008b980000)
 Metaspace       used 66165K, committed 67648K, reserved 1114112K
  class space    used 6976K, committed 7616K, reserved 1048576K
}
Event: 3798.763 GC heap before
{Heap before GC invocations=92 (full 3):
 PSYoungGen      total 3584K, used 3360K [0x00000000d5580000, 0x00000000d5e00000, 0x0000000100000000)
  eden space 3072K, 100% used [0x00000000d5580000,0x00000000d5880000,0x00000000d5880000)
  from space 512K, 56% used [0x00000000d5d80000,0x00000000d5dc8020,0x00000000d5e00000)
  to   space 512K, 0% used [0x00000000d5d00000,0x00000000d5d00000,0x00000000d5d80000)
 ParOldGen       total 189952K, used 189587K [0x0000000080000000, 0x000000008b980000, 0x00000000d5580000)
  object space 189952K, 99% used [0x0000000080000000,0x000000008b924c00,0x000000008b980000)
 Metaspace       used 66373K, committed 67840K, reserved 1114112K
  class space    used 6995K, committed 7616K, reserved 1048576K
}
Event: 3798.769 GC heap after
{Heap after GC invocations=92 (full 3):
 PSYoungGen      total 3584K, used 378K [0x00000000d5580000, 0x00000000d5e00000, 0x0000000100000000)
  eden space 3072K, 0% used [0x00000000d5580000,0x00000000d5580000,0x00000000d5880000)
  from space 512K, 73% used [0x00000000d5d00000,0x00000000d5d5e900,0x00000000d5d80000)
  to   space 512K, 0% used [0x00000000d5d80000,0x00000000d5d80000,0x00000000d5e00000)
 ParOldGen       total 189952K, used 189723K [0x0000000080000000, 0x000000008b980000, 0x00000000d5580000)
  object space 189952K, 99% used [0x0000000080000000,0x000000008b946c20,0x000000008b980000)
 Metaspace       used 66373K, committed 67840K, reserved 1114112K
  class space    used 6995K, committed 7616K, reserved 1048576K
}
Event: 3798.949 GC heap before
{Heap before GC invocations=93 (full 3):
 PSYoungGen      total 3584K, used 3450K [0x00000000d5580000, 0x00000000d5e00000, 0x0000000100000000)
  eden space 3072K, 100% used [0x00000000d5580000,0x00000000d5880000,0x00000000d5880000)
  from space 512K, 73% used [0x00000000d5d00000,0x00000000d5d5e900,0x00000000d5d80000)
  to   space 512K, 0% used [0x00000000d5d80000,0x00000000d5d80000,0x00000000d5e00000)
 ParOldGen       total 189952K, used 189723K [0x0000000080000000, 0x000000008b980000, 0x00000000d5580000)
  object space 189952K, 99% used [0x0000000080000000,0x000000008b946c20,0x000000008b980000)
 Metaspace       used 66383K, committed 67840K, reserved 1114112K
  class space    used 6995K, committed 7616K, reserved 1048576K
}
Event: 3798.958 GC heap after
{Heap after GC invocations=93 (full 3):
 PSYoungGen      total 3584K, used 480K [0x00000000d5580000, 0x00000000d5e80000, 0x0000000100000000)
  eden space 3072K, 0% used [0x00000000d5580000,0x00000000d5580000,0x00000000d5880000)
  from space 512K, 93% used [0x00000000d5d80000,0x00000000d5df80d0,0x00000000d5e00000)
  to   space 3072K, 0% used [0x00000000d5880000,0x00000000d5880000,0x00000000d5b80000)
 ParOldGen       total 192000K, used 191866K [0x0000000080000000, 0x000000008bb80000, 0x00000000d5580000)
  object space 192000K, 99% used [0x0000000080000000,0x000000008bb5eba8,0x000000008bb80000)
 Metaspace       used 66383K, committed 67840K, reserved 1114112K
  class space    used 6995K, committed 7616K, reserved 1048576K
}
Event: 3799.300 GC heap before
{Heap before GC invocations=94 (full 3):
 PSYoungGen      total 3584K, used 3552K [0x00000000d5580000, 0x00000000d5e80000, 0x0000000100000000)
  eden space 3072K, 100% used [0x00000000d5580000,0x00000000d5880000,0x00000000d5880000)
  from space 512K, 93% used [0x00000000d5d80000,0x00000000d5df80d0,0x00000000d5e00000)
  to   space 3072K, 0% used [0x00000000d5880000,0x00000000d5880000,0x00000000d5b80000)
 ParOldGen       total 192000K, used 191866K [0x0000000080000000, 0x000000008bb80000, 0x00000000d5580000)
  object space 192000K, 99% used [0x0000000080000000,0x000000008bb5eba8,0x000000008bb80000)
 Metaspace       used 66383K, committed 67840K, reserved 1114112K
  class space    used 6995K, committed 7616K, reserved 1048576K
}
Event: 3799.310 GC heap after
{Heap after GC invocations=94 (full 3):
 PSYoungGen      total 6144K, used 2474K [0x00000000d5580000, 0x00000000d5e00000, 0x0000000100000000)
  eden space 3072K, 0% used [0x00000000d5580000,0x00000000d5580000,0x00000000d5880000)
  from space 3072K, 80% used [0x00000000d5880000,0x00000000d5aea940,0x00000000d5b80000)
  to   space 2560K, 0% used [0x00000000d5b80000,0x00000000d5b80000,0x00000000d5e00000)
 ParOldGen       total 192512K, used 192373K [0x0000000080000000, 0x000000008bc00000, 0x00000000d5580000)
  object space 192512K, 99% used [0x0000000080000000,0x000000008bbdd720,0x000000008bc00000)
 Metaspace       used 66383K, committed 67840K, reserved 1114112K
  class space    used 6995K, committed 7616K, reserved 1048576K
}
Event: 3800.093 GC heap before
{Heap before GC invocations=95 (full 3):
 PSYoungGen      total 6144K, used 5546K [0x00000000d5580000, 0x00000000d5e00000, 0x0000000100000000)
  eden space 3072K, 100% used [0x00000000d5580000,0x00000000d5880000,0x00000000d5880000)
  from space 3072K, 80% used [0x00000000d5880000,0x00000000d5aea940,0x00000000d5b80000)
  to   space 2560K, 0% used [0x00000000d5b80000,0x00000000d5b80000,0x00000000d5e00000)
 ParOldGen       total 192512K, used 192373K [0x0000000080000000, 0x000000008bc00000, 0x00000000d5580000)
  object space 192512K, 99% used [0x0000000080000000,0x000000008bbdd720,0x000000008bc00000)
 Metaspace       used 66484K, committed 67904K, reserved 1114112K
  class space    used 7022K, committed 7616K, reserved 1048576K
}
Event: 3800.110 GC heap after
{Heap after GC invocations=95 (full 3):
 PSYoungGen      total 5120K, used 1986K [0x00000000d5580000, 0x00000000d5d80000, 0x0000000100000000)
  eden space 3072K, 0% used [0x00000000d5580000,0x00000000d5580000,0x00000000d5880000)
  from space 2048K, 97% used [0x00000000d5b80000,0x00000000d5d70aa8,0x00000000d5d80000)
  to   space 2560K, 0% used [0x00000000d5880000,0x00000000d5880000,0x00000000d5b00000)
 ParOldGen       total 195072K, used 194678K [0x0000000080000000, 0x000000008be80000, 0x00000000d5580000)
  object space 195072K, 99% used [0x0000000080000000,0x000000008be1db20,0x000000008be80000)
 Metaspace       used 66484K, committed 67904K, reserved 1114112K
  class space    used 7022K, committed 7616K, reserved 1048576K
}

Dll operation events (10 events):
Event: 0.050 Loaded shared library c:\Users\Hp\.vscode\extensions\redhat.java-1.52.0-win32-x64\jre\21.0.9-win32-x86_64\bin\java.dll
Event: 0.231 Loaded shared library c:\Users\Hp\.vscode\extensions\redhat.java-1.52.0-win32-x64\jre\21.0.9-win32-x86_64\bin\zip.dll
Event: 0.274 Loaded shared library C:\Users\Hp\.vscode\extensions\redhat.java-1.52.0-win32-x64\jre\21.0.9-win32-x86_64\bin\instrument.dll
Event: 0.286 Loaded shared library C:\Users\Hp\.vscode\extensions\redhat.java-1.52.0-win32-x64\jre\21.0.9-win32-x86_64\bin\net.dll
Event: 0.291 Loaded shared library C:\Users\Hp\.vscode\extensions\redhat.java-1.52.0-win32-x64\jre\21.0.9-win32-x86_64\bin\nio.dll
Event: 0.302 Loaded shared library C:\Users\Hp\.vscode\extensions\redhat.java-1.52.0-win32-x64\jre\21.0.9-win32-x86_64\bin\zip.dll
Event: 0.342 Loaded shared library C:\Users\Hp\.vscode\extensions\redhat.java-1.52.0-win32-x64\jre\21.0.9-win32-x86_64\bin\jimage.dll
Event: 0.546 Loaded shared library c:\Users\Hp\.vscode\extensions\redhat.java-1.52.0-win32-x64\jre\21.0.9-win32-x86_64\bin\verify.dll
Event: 31.082 Loaded shared library C:\Users\Hp\AppData\Roaming\Code\User\globalStorage\redhat.java\1.52.0\config_win\org.eclipse.equinox.launcher\org.eclipse.equinox.launcher.win32.win32.x86_64_1.2.1500.v20260121-1430\eclipse_11919.dll
Event: 58.637 Loaded shared library C:\Users\Hp\AppData\Local\Temp\jna-2344\jna3358343957255740196.dll

Deoptimization events (20 events):
Event: 3797.885 Thread 0x000001b21fca0110 Uncommon trap: trap_request=0xffffff45 fr.pc=0x000001b1c92a3028 relative=0x00000000000000e8
Event: 3797.885 Thread 0x000001b21fca0110 Uncommon trap: reason=unstable_if action=reinterpret pc=0x000001b1c92a3028 method=org.eclipse.jdt.internal.compiler.parser.Scanner.scanIdentifierOrKeyword()Lorg/eclipse/jdt/internal/compiler/parser/TerminalToken; @ 27 c2
Event: 3797.885 Thread 0x000001b21fca0110 DEOPT PACKING pc=0x000001b1c92a3028 sp=0x0000004a055fe660
Event: 3797.885 Thread 0x000001b21fca0110 DEOPT UNPACKING pc=0x000001b1c8b53aa2 sp=0x0000004a055fe5e8 mode 2
Event: 3798.486 Thread 0x000001b21fca0110 Uncommon trap: trap_request=0xffffffcc fr.pc=0x000001b1c9787e4c relative=0x00000000000023ac
Event: 3798.486 Thread 0x000001b21fca0110 Uncommon trap: reason=intrinsic_or_type_checked_inlining action=make_not_entrant pc=0x000001b1c9787e4c method=java.util.ArrayList$SubList.toArray([Ljava/lang/Object;)[Ljava/lang/Object; @ 58 c2
Event: 3798.486 Thread 0x000001b21fca0110 DEOPT PACKING pc=0x000001b1c9787e4c sp=0x0000004a055fb8d0
Event: 3798.486 Thread 0x000001b21fca0110 DEOPT UNPACKING pc=0x000001b1c8b53aa2 sp=0x0000004a055fb680 mode 2
Event: 3798.738 Thread 0x000001b21fca0110 DEOPT PACKING pc=0x000001b1c2c5160b sp=0x0000004a055fd710
Event: 3798.738 Thread 0x000001b21fca0110 DEOPT UNPACKING pc=0x000001b1c8b54242 sp=0x0000004a055fcbf8 mode 0
Event: 3798.774 Thread 0x000001b21fca0110 DEOPT PACKING pc=0x000001b1c2c5160b sp=0x0000004a055fdb30
Event: 3798.774 Thread 0x000001b21fca0110 DEOPT UNPACKING pc=0x000001b1c8b54242 sp=0x0000004a055fd018 mode 0
Event: 3800.060 Thread 0x000001b21fca0110 Uncommon trap: trap_request=0xffffffde fr.pc=0x000001b1c9995758 relative=0x00000000000005d8
Event: 3800.060 Thread 0x000001b21fca0110 Uncommon trap: reason=class_check action=maybe_recompile pc=0x000001b1c9995758 method=org.eclipse.jdt.internal.compiler.util.SimpleSet.add(Ljava/lang/Object;)Ljava/lang/Object; @ 7 c2
Event: 3800.061 Thread 0x000001b21fca0110 DEOPT PACKING pc=0x000001b1c9995758 sp=0x0000004a055fde60
Event: 3800.061 Thread 0x000001b21fca0110 DEOPT UNPACKING pc=0x000001b1c8b53aa2 sp=0x0000004a055fde08 mode 2
Event: 3800.231 Thread 0x000001b21fca0110 Uncommon trap: trap_request=0xfffffff4 fr.pc=0x000001b1c9925428 relative=0x0000000000002508
Event: 3800.231 Thread 0x000001b21fca0110 Uncommon trap: reason=null_check action=make_not_entrant pc=0x000001b1c9925428 method=org.eclipse.jdt.internal.core.JavaModelCache.getInfo(Lorg/eclipse/jdt/core/IJavaElement;)Lorg/eclipse/jdt/internal/compiler/env/IElementInfo; @ 152 c2
Event: 3800.231 Thread 0x000001b21fca0110 DEOPT PACKING pc=0x000001b1c9925428 sp=0x0000004a055fdd30
Event: 3800.231 Thread 0x000001b21fca0110 DEOPT UNPACKING pc=0x000001b1c8b53aa2 sp=0x0000004a055fdca0 mode 2

Classes loaded (20 events):
Event: 382.829 Loading class java/util/stream/Nodes$CollectorTask$OfRef
Event: 382.830 Loading class java/util/stream/Nodes$CollectorTask
Event: 382.833 Loading class java/util/stream/Nodes$CollectorTask done
Event: 382.833 Loading class java/util/stream/Nodes$CollectorTask$OfRef done
Event: 382.834 Loading class java/util/function/LongFunction
Event: 382.835 Loading class java/util/function/LongFunction done
Event: 382.835 Loading class java/util/stream/Nodes$ConcNode
Event: 382.836 Loading class java/util/stream/Nodes$AbstractConcNode
Event: 382.837 Loading class java/util/stream/Nodes$AbstractConcNode done
Event: 382.837 Loading class java/util/stream/Nodes$ConcNode done
Event: 382.902 Loading class java/io/ObjectOutputStream$BlockDataOutputStream
Event: 382.904 Loading class java/io/ObjectOutputStream$BlockDataOutputStream done
Event: 382.904 Loading class java/io/ObjectOutputStream$HandleTable
Event: 382.904 Loading class java/io/ObjectOutputStream$HandleTable done
Event: 382.904 Loading class java/io/ObjectOutputStream$ReplaceTable
Event: 382.905 Loading class java/io/ObjectOutputStream$ReplaceTable done
Event: 534.153 Loading class jdk/internal/module/IllegalAccessLogger
Event: 534.153 Loading class jdk/internal/module/IllegalAccessLogger done
Event: 601.719 Loading class jdk/internal/module/IllegalAccessLogger
Event: 601.719 Loading class jdk/internal/module/IllegalAccessLogger done

Classes unloaded (11 events):
Event: 59.653 Thread 0x000001b1d4e41c90 Unloading class 0x000001b1d61e9400 'java/lang/invoke/LambdaForm$MH+0x000001b1d61e9400'
Event: 59.653 Thread 0x000001b1d4e41c90 Unloading class 0x000001b1d61e9000 'java/lang/invoke/LambdaForm$MH+0x000001b1d61e9000'
Event: 59.653 Thread 0x000001b1d4e41c90 Unloading class 0x000001b1d61e8c00 'java/lang/invoke/LambdaForm$MH+0x000001b1d61e8c00'
Event: 59.653 Thread 0x000001b1d4e41c90 Unloading class 0x000001b1d61e8800 'java/lang/invoke/LambdaForm$MH+0x000001b1d61e8800'
Event: 59.653 Thread 0x000001b1d4e41c90 Unloading class 0x000001b1d61e8400 'java/lang/invoke/LambdaForm$BMH+0x000001b1d61e8400'
Event: 59.653 Thread 0x000001b1d4e41c90 Unloading class 0x000001b1d61e8000 'java/lang/invoke/LambdaForm$DMH+0x000001b1d61e8000'
Event: 59.653 Thread 0x000001b1d4e41c90 Unloading class 0x000001b1d61e6c00 'java/lang/invoke/LambdaForm$DMH+0x000001b1d61e6c00'
Event: 86.690 Thread 0x000001b1d4e41c90 Unloading class 0x000001b1d6610400 'java/lang/invoke/LambdaForm$DMH+0x000001b1d6610400'
Event: 86.690 Thread 0x000001b1d4e41c90 Unloading class 0x000001b1d6610000 'java/lang/invoke/LambdaForm$DMH+0x000001b1d6610000'
Event: 86.690 Thread 0x000001b1d4e41c90 Unloading class 0x000001b1d6609800 'java/lang/invoke/LambdaForm$DMH+0x000001b1d6609800'
Event: 86.690 Thread 0x000001b1d4e41c90 Unloading class 0x000001b1d6609c00 'java/lang/invoke/LambdaForm$DMH+0x000001b1d6609c00'

Classes redefined (0 events):
No events

Internal exceptions (20 events):
Event: 343.797 Thread 0x000001b21d0afc70 Exception <a 'java/io/FileNotFoundException'{0x00000000d608be38}> (0x00000000d608be38) 
thrown [s\src\hotspot\share\prims\jni.cpp, line 520]
Event: 343.800 Thread 0x000001b21d0afc70 Exception <a 'java/io/FileNotFoundException'{0x00000000d608ce40}> (0x00000000d608ce40) 
thrown [s\src\hotspot\share\prims\jni.cpp, line 520]
Event: 344.688 Thread 0x000001b21d0adba0 Implicit null exception at 0x000001b1c9680929 to 0x000001b1c9680f10
Event: 344.922 Thread 0x000001b21fca0110 Exception <a 'java/lang/NoSuchMethodError'{0x00000000d55d9cf0}: 'int java.lang.invoke.DirectMethodHandle$Holder.invokeSpecialIFC(java.lang.Object, java.lang.Object, java.lang.Object)'> (0x00000000d55d9cf0) 
thrown [s\src\hotspot\share\interpreter\linkResolver.cpp, line 773]
Event: 382.879 Thread 0x000001b21d0aa720 Exception <a 'sun/nio/fs/WindowsException'{0x00000000d5794fe8}> (0x00000000d5794fe8) 
thrown [s\src\hotspot\share\prims\jni.cpp, line 520]
Event: 382.879 Thread 0x000001b21d0aa720 Exception <a 'sun/nio/fs/WindowsException'{0x00000000d5795ad8}> (0x00000000d5795ad8) 
thrown [s\src\hotspot\share\prims\jni.cpp, line 520]
Event: 382.883 Thread 0x000001b21d0aa720 Implicit null exception at 0x000001b1c974cc89 to 0x000001b1c974d028
Event: 382.975 Thread 0x000001b21d0aa720 Exception <a 'java/lang/NoSuchMethodError'{0x00000000d5835698}: static [J.<clinit>()V> (0x00000000d5835698) 
thrown [s\src\hotspot\share\prims\jni.cpp, line 1111]
Event: 383.003 Thread 0x000001b21d0aa720 Exception <a 'java/lang/NoSuchMethodError'{0x00000000d586a6f0}: 'java.lang.Object java.lang.invoke.DirectMethodHandle$Holder.newInvokeSpecial(java.lang.Object, java.lang.Object, java.lang.Object, java.lang.Object, java.lang.Object, java.lang.Object, java.lang.Object, java.lang.Object)'> (0x00000000d586a6f0) 
thrown [s\src\hotspot\share\interpreter\linkResolver.cpp, line 773]
Event: 534.148 Thread 0x000001b21fca0110 Implicit null exception at 0x000001b1c96dd9c6 to 0x000001b1c96dda0f
Event: 534.347 Thread 0x000001b21fca0110 Exception <a 'sun/nio/fs/WindowsException'{0x00000000d644f800}> (0x00000000d644f800) 
thrown [s\src\hotspot\share\prims\jni.cpp, line 520]
Event: 535.725 Thread 0x000001b21d0adba0 Exception <a 'sun/nio/fs/WindowsException'{0x00000000d563ce90}> (0x00000000d563ce90) 
thrown [s\src\hotspot\share\prims\jni.cpp, line 520]
Event: 538.551 Thread 0x000001b21d0adba0 Exception <a 'sun/nio/fs/WindowsException'{0x00000000d5fe9000}> (0x00000000d5fe9000) 
thrown [s\src\hotspot\share\prims\jni.cpp, line 520]
Event: 539.584 Thread 0x000001b21d0adba0 Implicit null exception at 0x000001b1c98c35cf to 0x000001b1c98c3c7c
Event: 601.832 Thread 0x000001b21d0adba0 Exception <a 'sun/nio/fs/WindowsException'{0x00000000d5604c70}> (0x00000000d5604c70) 
thrown [s\src\hotspot\share\prims\jni.cpp, line 520]
Event: 604.890 Thread 0x000001b21d0adba0 Exception <a 'sun/nio/fs/WindowsException'{0x00000000d57e4d90}> (0x00000000d57e4d90) 
thrown [s\src\hotspot\share\prims\jni.cpp, line 520]
Event: 834.138 Thread 0x000001b21fca3590 Exception <a 'sun/nio/fs/WindowsException'{0x00000000d5593718}> (0x00000000d5593718) 
thrown [s\src\hotspot\share\prims\jni.cpp, line 520]
Event: 834.140 Thread 0x000001b21fca3590 Exception <a 'sun/nio/fs/WindowsException'{0x00000000d5594498}> (0x00000000d5594498) 
thrown [s\src\hotspot\share\prims\jni.cpp, line 520]
Event: 3798.653 Thread 0x000001b21fca0110 Exception <a 'java/lang/IncompatibleClassChangeError'{0x00000000d57065a8}: Found class java.lang.Object, but interface was expected> (0x00000000d57065a8) 
thrown [s\src\hotspot\share\interpreter\linkResolver.cpp, line 840]
Event: 3800.231 Thread 0x000001b21fca0110 Implicit null exception at 0x000001b1c9923bcb to 0x000001b1c9925418

ZGC Phase Switch (0 events):
No events

VM Operations (20 events):
Event: 3968.451 Executing VM operation: HandshakeAllThreads (HandshakeForDeflation)
Event: 3968.451 Executing VM operation: HandshakeAllThreads (HandshakeForDeflation) done
Event: 3968.451 Executing VM operation: RendezvousGCThreads
Event: 3968.451 Executing VM operation: RendezvousGCThreads done
Event: 4028.623 Executing VM operation: HandshakeAllThreads (HandshakeForDeflation)
Event: 4028.624 Executing VM operation: HandshakeAllThreads (HandshakeForDeflation) done
Event: 4028.625 Executing VM operation: RendezvousGCThreads
Event: 4028.625 Executing VM operation: RendezvousGCThreads done
Event: 4088.745 Executing VM operation: HandshakeAllThreads (HandshakeForDeflation)
Event: 4088.745 Executing VM operation: HandshakeAllThreads (HandshakeForDeflation) done
Event: 4088.745 Executing VM operation: RendezvousGCThreads
Event: 4088.745 Executing VM operation: RendezvousGCThreads done
Event: 4209.051 Executing VM operation: HandshakeAllThreads (HandshakeForDeflation)
Event: 4209.052 Executing VM operation: HandshakeAllThreads (HandshakeForDeflation) done
Event: 4209.052 Executing VM operation: RendezvousGCThreads
Event: 4209.052 Executing VM operation: RendezvousGCThreads done
Event: 4269.276 Executing VM operation: HandshakeAllThreads (HandshakeForDeflation)
Event: 4269.277 Executing VM operation: HandshakeAllThreads (HandshakeForDeflation) done
Event: 4269.277 Executing VM operation: RendezvousGCThreads
Event: 4269.277 Executing VM operation: RendezvousGCThreads done

Memory protections (0 events):
No events

Nmethod flushes (20 events):
Event: 86.729 Thread 0x000001b1d4e41c90 flushing  nmethod 0x000001b1c1f11c90
Event: 86.729 Thread 0x000001b1d4e41c90 flushing  nmethod 0x000001b1c1f15690
Event: 86.729 Thread 0x000001b1d4e41c90 flushing  nmethod 0x000001b1c1f2fd10
Event: 86.729 Thread 0x000001b1d4e41c90 flushing  nmethod 0x000001b1c1f4b610
Event: 86.729 Thread 0x000001b1d4e41c90 flushing  nmethod 0x000001b1c1f5ea90
Event: 86.729 Thread 0x000001b1d4e41c90 flushing  nmethod 0x000001b1c1f60090
Event: 86.729 Thread 0x000001b1d4e41c90 flushing  nmethod 0x000001b1c1f61090
Event: 86.729 Thread 0x000001b1d4e41c90 flushing  nmethod 0x000001b1c1f61510
Event: 86.729 Thread 0x000001b1d4e41c90 flushing  nmethod 0x000001b1c1f61910
Event: 86.729 Thread 0x000001b1d4e41c90 flushing  nmethod 0x000001b1c1f68c90
Event: 86.729 Thread 0x000001b1d4e41c90 flushing  nmethod 0x000001b1c1f6c610
Event: 86.729 Thread 0x000001b1d4e41c90 flushing  nmethod 0x000001b1c1f6ca10
Event: 86.729 Thread 0x000001b1d4e41c90 flushing  nmethod 0x000001b1c1f72f10
Event: 86.729 Thread 0x000001b1d4e41c90 flushing  nmethod 0x000001b1c1f73490
Event: 86.729 Thread 0x000001b1d4e41c90 flushing  nmethod 0x000001b1c1f73910
Event: 86.729 Thread 0x000001b1d4e41c90 flushing  nmethod 0x000001b1c1f73f10
Event: 86.729 Thread 0x000001b1d4e41c90 flushing  nmethod 0x000001b1c1f74310
Event: 86.729 Thread 0x000001b1d4e41c90 flushing  nmethod 0x000001b1c1f74910
Event: 86.729 Thread 0x000001b1d4e41c90 flushing  nmethod 0x000001b1c1f85710
Event: 86.729 Thread 0x000001b1d4e41c90 flushing osr nmethod 0x000001b1c1fb7790

Events (20 events):
Event: 604.923 Thread 0x000001b217790500 Thread added: 0x000001b220a48d50
Event: 610.340 Thread 0x000001b220a48d50 Thread exited: 0x000001b220a48d50
Event: 644.232 Thread 0x000001b21fca3c20 Thread exited: 0x000001b21fca3c20
Event: 662.447 Thread 0x000001b21fca6a10 Thread exited: 0x000001b21fca6a10
Event: 663.740 Thread 0x000001b21fca0110 Thread exited: 0x000001b21fca0110
Event: 664.899 Thread 0x000001b21fca07a0 Thread exited: 0x000001b21fca07a0
Event: 833.870 Thread 0x000001b21fca2f00 Thread exited: 0x000001b21fca2f00
Event: 833.995 Thread 0x000001b21fca3590 Thread added: 0x000001b21fca2f00
Event: 834.007 Thread 0x000001b21fca2f00 Thread exited: 0x000001b21fca2f00
Event: 834.148 Thread 0x000001b21fca3590 Thread added: 0x000001b21fca0110
Event: 834.149 Thread 0x000001b21fca0110 Thread exited: 0x000001b21fca0110
Event: 834.198 Thread 0x000001b217790500 Thread added: 0x000001b220a48d50
Event: 834.373 Thread 0x000001b220a48d50 Thread exited: 0x000001b220a48d50
Event: 901.588 Thread 0x000001b21fca42b0 Thread exited: 0x000001b21fca42b0
Event: 3797.418 Thread 0x000001b21fca1b50 Thread added: 0x000001b21fca0110
Event: 3797.986 Thread 0x000001b21fca0110 Thread added: 0x000001b21fca3c20
Event: 3800.248 Thread 0x000001b217790500 Thread added: 0x000001b220a4a1c0
Event: 3801.016 Thread 0x000001b220a4a1c0 Thread exited: 0x000001b220a4a1c0
Event: 3860.334 Thread 0x000001b21fca0110 Thread exited: 0x000001b21fca0110
Event: 3920.347 Thread 0x000001b21fca3c20 Thread exited: 0x000001b21fca3c20


Dynamic libraries:
0x00007ff687d80000 - 0x00007ff687d8e000 	c:\Users\Hp\.vscode\extensions\redhat.java-1.52.0-win32-x64\jre\21.0.9-win32-x86_64\bin\java.exe
0x00007ffc96420000 - 0x00007ffc96688000 	C:\WINDOWS\SYSTEM32\ntdll.dll
0x00007ffc95c50000 - 0x00007ffc95d19000 	C:\WINDOWS\System32\KERNEL32.DLL
0x00007ffc93700000 - 0x00007ffc93af1000 	C:\WINDOWS\System32\KERNELBASE.dll
0x00007ffc93c30000 - 0x00007ffc93d7b000 	C:\WINDOWS\System32\ucrtbase.dll
0x00007ffc5dc90000 - 0x00007ffc5dcae000 	c:\Users\Hp\.vscode\extensions\redhat.java-1.52.0-win32-x64\jre\21.0.9-win32-x86_64\bin\VCRUNTIME140.dll
0x00007ffc5d620000 - 0x00007ffc5d638000 	c:\Users\Hp\.vscode\extensions\redhat.java-1.52.0-win32-x64\jre\21.0.9-win32-x86_64\bin\jli.dll
0x00007ffc955e0000 - 0x00007ffc957a6000 	C:\WINDOWS\System32\USER32.dll
0x00007ffc7e340000 - 0x00007ffc7e5d3000 	C:\WINDOWS\WinSxS\amd64_microsoft.windows.common-controls_6595b64144ccf1df_6.0.26100.7824_none_3e0870b2e3345462\COMCTL32.dll
0x00007ffc92db0000 - 0x00007ffc92dd7000 	C:\WINDOWS\System32\win32u.dll
0x00007ffc943a0000 - 0x00007ffc943cb000 	C:\WINDOWS\System32\GDI32.dll
0x00007ffc93b00000 - 0x00007ffc93c2b000 	C:\WINDOWS\System32\gdi32full.dll
0x00007ffc960d0000 - 0x00007ffc96179000 	C:\WINDOWS\System32\msvcrt.dll
0x00007ffc92de0000 - 0x00007ffc92e83000 	C:\WINDOWS\System32\msvcp_win.dll
0x00007ffc95db0000 - 0x00007ffc95de1000 	C:\WINDOWS\System32\IMM32.DLL
0x00007ffc84b90000 - 0x00007ffc84b9c000 	c:\Users\Hp\.vscode\extensions\redhat.java-1.52.0-win32-x64\jre\21.0.9-win32-x86_64\bin\vcruntime140_1.dll
0x00007ffbf80c0000 - 0x00007ffbf814d000 	c:\Users\Hp\.vscode\extensions\redhat.java-1.52.0-win32-x64\jre\21.0.9-win32-x86_64\bin\msvcp140.dll
0x00007ffbcaee0000 - 0x00007ffbcbc80000 	c:\Users\Hp\.vscode\extensions\redhat.java-1.52.0-win32-x64\jre\21.0.9-win32-x86_64\bin\server\jvm.dll
0x00007ffc941d0000 - 0x00007ffc94284000 	C:\WINDOWS\System32\ADVAPI32.dll
0x00007ffc95a10000 - 0x00007ffc95ab6000 	C:\WINDOWS\System32\sechost.dll
0x00007ffc95ef0000 - 0x00007ffc96008000 	C:\WINDOWS\System32\RPCRT4.dll
0x00007ffc96360000 - 0x00007ffc963d4000 	C:\WINDOWS\System32\WS2_32.dll
0x00007ffc92b60000 - 0x00007ffc92bbe000 	C:\WINDOWS\SYSTEM32\POWRPROF.dll
0x00007ffc8b6a0000 - 0x00007ffc8b6ab000 	C:\WINDOWS\SYSTEM32\VERSION.dll
0x00007ffc82130000 - 0x00007ffc82165000 	C:\WINDOWS\SYSTEM32\WINMM.dll
0x00007ffc92b40000 - 0x00007ffc92b54000 	C:\WINDOWS\SYSTEM32\UMPDC.dll
0x00007ffc91a70000 - 0x00007ffc91a8b000 	C:\WINDOWS\SYSTEM32\kernel.appcore.dll
0x00007ffc81640000 - 0x00007ffc8164a000 	c:\Users\Hp\.vscode\extensions\redhat.java-1.52.0-win32-x64\jre\21.0.9-win32-x86_64\bin\jimage.dll
0x00007ffc90e20000 - 0x00007ffc91062000 	C:\WINDOWS\SYSTEM32\DBGHELP.DLL
0x00007ffc95250000 - 0x00007ffc955d6000 	C:\WINDOWS\System32\combase.dll
0x00007ffc95ad0000 - 0x00007ffc95ba7000 	C:\WINDOWS\System32\OLEAUT32.dll
0x00007ffc7ddc0000 - 0x00007ffc7ddfb000 	C:\WINDOWS\SYSTEM32\dbgcore.DLL
0x00007ffc92d00000 - 0x00007ffc92da5000 	C:\WINDOWS\System32\bcryptPrimitives.dll
0x00007ffc6fe40000 - 0x00007ffc6fe4f000 	c:\Users\Hp\.vscode\extensions\redhat.java-1.52.0-win32-x64\jre\21.0.9-win32-x86_64\bin\instrument.dll
0x00007ffc4da70000 - 0x00007ffc4da90000 	c:\Users\Hp\.vscode\extensions\redhat.java-1.52.0-win32-x64\jre\21.0.9-win32-x86_64\bin\java.dll
0x00007ffc94660000 - 0x00007ffc94db2000 	C:\WINDOWS\System32\SHELL32.dll
0x00007ffc93f00000 - 0x00007ffc9406a000 	C:\WINDOWS\System32\wintypes.dll
0x00007ffc92e90000 - 0x00007ffc936f3000 	C:\WINDOWS\System32\windows.storage.dll
0x00007ffc95df0000 - 0x00007ffc95ee6000 	C:\WINDOWS\System32\SHCORE.dll
0x00007ffc96060000 - 0x00007ffc960c7000 	C:\WINDOWS\System32\shlwapi.dll
0x00007ffc92c20000 - 0x00007ffc92c49000 	C:\WINDOWS\SYSTEM32\profapi.dll
0x00007ffc2c950000 - 0x00007ffc2c968000 	c:\Users\Hp\.vscode\extensions\redhat.java-1.52.0-win32-x64\jre\21.0.9-win32-x86_64\bin\zip.dll
0x00007ffc6ca00000 - 0x00007ffc6ca10000 	C:\Users\Hp\.vscode\extensions\redhat.java-1.52.0-win32-x64\jre\21.0.9-win32-x86_64\bin\net.dll
0x00007ffc8a440000 - 0x00007ffc8a567000 	C:\WINDOWS\SYSTEM32\WINHTTP.dll
0x00007ffc91fd0000 - 0x00007ffc9203b000 	C:\WINDOWS\system32\mswsock.dll
0x00007ffc211f0000 - 0x00007ffc21206000 	C:\Users\Hp\.vscode\extensions\redhat.java-1.52.0-win32-x64\jre\21.0.9-win32-x86_64\bin\nio.dll
0x00007ffc6c070000 - 0x00007ffc6c080000 	c:\Users\Hp\.vscode\extensions\redhat.java-1.52.0-win32-x64\jre\21.0.9-win32-x86_64\bin\verify.dll
0x00007ffc0d440000 - 0x00007ffc0d485000 	C:\Users\Hp\AppData\Roaming\Code\User\globalStorage\redhat.java\1.52.0\config_win\org.eclipse.equinox.launcher\org.eclipse.equinox.launcher.win32.win32.x86_64_1.2.1500.v20260121-1430\eclipse_11919.dll
0x00007ffc957e0000 - 0x00007ffc95977000 	C:\WINDOWS\System32\ole32.dll
0x00007ffc922e0000 - 0x00007ffc922fb000 	C:\WINDOWS\SYSTEM32\CRYPTSP.dll
0x00007ffc919d0000 - 0x00007ffc91a09000 	C:\WINDOWS\system32\rsaenh.dll
0x00007ffc920a0000 - 0x00007ffc920cb000 	C:\WINDOWS\SYSTEM32\USERENV.dll
0x00007ffc92bf0000 - 0x00007ffc92c1a000 	C:\WINDOWS\SYSTEM32\bcrypt.dll
0x00007ffc92300000 - 0x00007ffc9230c000 	C:\WINDOWS\SYSTEM32\CRYPTBASE.dll
0x00007ffc91460000 - 0x00007ffc91494000 	C:\WINDOWS\SYSTEM32\IPHLPAPI.DLL
0x00007ffc95ac0000 - 0x00007ffc95aca000 	C:\WINDOWS\System32\NSI.dll
0x00007ffc814c0000 - 0x00007ffc81509000 	C:\Users\Hp\AppData\Local\Temp\jna-2344\jna3358343957255740196.dll
0x00007ffc941c0000 - 0x00007ffc941c8000 	C:\WINDOWS\System32\PSAPI.DLL
0x00007ffc8ae20000 - 0x00007ffc8ae3e000 	C:\WINDOWS\SYSTEM32\dhcpcsvc6.DLL
0x00007ffc8adf0000 - 0x00007ffc8ae13000 	C:\WINDOWS\SYSTEM32\dhcpcsvc.DLL

JVMTI agents:
c:\Users\Hp\.vscode\extensions\redhat.java-1.52.0-win32-x64\lombok\lombok-1.18.39-4050.jar path:c:\Users\Hp\.vscode\extensions\redhat.java-1.52.0-win32-x64\jre\21.0.9-win32-x86_64\bin\instrument.dll, loaded, initialized, instrumentlib options:none

dbghelp: loaded successfully - version: 4.0.5 - missing functions: none
symbol engine: initialized successfully - sym options: 0x614 - pdb path: .;c:\Users\Hp\.vscode\extensions\redhat.java-1.52.0-win32-x64\jre\21.0.9-win32-x86_64\bin;C:\WINDOWS\SYSTEM32;C:\WINDOWS\WinSxS\amd64_microsoft.windows.common-controls_6595b64144ccf1df_6.0.26100.7824_none_3e0870b2e3345462;c:\Users\Hp\.vscode\extensions\redhat.java-1.52.0-win32-x64\jre\21.0.9-win32-x86_64\bin\server;C:\Users\Hp\AppData\Roaming\Code\User\globalStorage\redhat.java\1.52.0\config_win\org.eclipse.equinox.launcher\org.eclipse.equinox.launcher.win32.win32.x86_64_1.2.1500.v20260121-1430;C:\Users\Hp\AppData\Local\Temp\jna-2344

VM Arguments:
jvm_args: --add-modules=ALL-SYSTEM --add-opens=java.base/java.util=ALL-UNNAMED --add-opens=java.base/java.lang=ALL-UNNAMED --add-opens=java.base/sun.nio.fs=ALL-UNNAMED -Declipse.application=org.eclipse.jdt.ls.core.id1 -Dosgi.bundles.defaultStartLevel=4 -Declipse.product=org.eclipse.jdt.ls.core.product -Djava.import.generatesMetadataFilesAtProjectRoot=false -DDetectVMInstallationsJob.disabled=true -Dfile.encoding=utf8 -XX:+UseParallelGC -XX:GCTimeRatio=4 -XX:AdaptiveSizePolicyWeight=90 -Dsun.zip.disableMemoryMapping=true -Xmx2G -Xms100m -Xlog:disable -javaagent:c:\Users\Hp\.vscode\extensions\redhat.java-1.52.0-win32-x64\lombok\lombok-1.18.39-4050.jar -XX:+HeapDumpOnOutOfMemoryError -XX:HeapDumpPath=c:\Users\Hp\AppData\Roaming\Code\User\workspaceStorage\feb5e851b40d3fff2109c2d1e0d7289a\redhat.java -Daether.dependencyCollector.impl=bf 
java_command: c:\Users\Hp\.vscode\extensions\redhat.java-1.52.0-win32-x64\server\plugins\org.eclipse.equinox.launcher_1.7.100.v20251111-0406.jar -configuration c:\Users\Hp\AppData\Roaming\Code\User\globalStorage\redhat.java\1.52.0\config_win -data c:\Users\Hp\AppData\Roaming\Code\User\workspaceStorage\feb5e851b40d3fff2109c2d1e0d7289a\redhat.java\jdt_ws --pipe=\\.\pipe\lsp-28229cc012e6523184982f55789cbc2c-sock
java_class_path (initial): c:\Users\Hp\.vscode\extensions\redhat.java-1.52.0-win32-x64\server\plugins\org.eclipse.equinox.launcher_1.7.100.v20251111-0406.jar
Launcher Type: SUN_STANDARD

[Global flags]
    uintx AdaptiveSizePolicyWeight                 = 90                                        {product} {command line}
     intx CICompilerCount                          = 4                                         {product} {ergonomic}
    uintx GCTimeRatio                              = 4                                         {product} {command line}
     bool HeapDumpOnOutOfMemoryError               = true                                   {manageable} {command line}
    ccstr HeapDumpPath                             = c:\Users\Hp\AppData\Roaming\Code\User\workspaceStorage\feb5e851b40d3fff2109c2d1e0d7289a\redhat.java         {manageable} {command line}
   size_t InitialHeapSize                          = 104857600                                 {product} {command line}
   size_t MaxHeapSize                              = 2147483648                                {product} {command line}
   size_t MaxNewSize                               = 715653120                                 {product} {ergonomic}
   size_t MinHeapDeltaBytes                        = 524288                                    {product} {ergonomic}
   size_t MinHeapSize                              = 104857600                                 {product} {command line}
   size_t NewSize                                  = 34603008                                  {product} {ergonomic}
    uintx NonNMethodCodeHeapSize                   = 5839372                                {pd product} {ergonomic}
    uintx NonProfiledCodeHeapSize                  = 122909434                              {pd product} {ergonomic}
   size_t OldSize                                  = 70254592                                  {product} {ergonomic}
    uintx ProfiledCodeHeapSize                     = 122909434                              {pd product} {ergonomic}
    uintx ReservedCodeCacheSize                    = 251658240                              {pd product} {ergonomic}
     bool SegmentedCodeCache                       = true                                      {product} {ergonomic}
   size_t SoftMaxHeapSize                          = 2147483648                             {manageable} {ergonomic}
     bool UseCompressedOops                        = true                           {product lp64_product} {ergonomic}
     bool UseLargePagesIndividualAllocation        = false                                  {pd product} {ergonomic}
     bool UseParallelGC                            = true                                      {product} {command line}

Logging:
Log output configuration:
 #0: stdout all=off uptime,level,tags foldmultilines=false
 #1: stderr all=off uptime,level,tags foldmultilines=false

Release file:
JAVA_VERSION="21.0.9" 
MODULES="java.base java.compiler java.datatransfer java.xml java.prefs java.desktop java.instrument java.logging java.management java.security.sasl java.naming java.rmi java.management.rmi java.net.http java.scripting java.security.jgss java.transaction.xa java.sql java.sql.rowset java.xml.crypto java.se java.smartcardio jdk.accessibility jdk.internal.jvmstat jdk.attach jdk.charsets jdk.internal.opt jdk.zipfs jdk.compiler jdk.crypto.ec jdk.crypto.cryptoki jdk.crypto.mscapi jdk.dynalink jdk.internal.ed jdk.editpad jdk.hotspot.agent jdk.httpserver jdk.internal.le jdk.internal.vm.ci jdk.internal.vm.compiler jdk.internal.vm.compiler.management jdk.jartool jdk.javadoc jdk.jcmd jdk.management jdk.management.agent jdk.jconsole jdk.jdeps jdk.jdwp.agent jdk.jdi jdk.jfr jdk.jshell jdk.jsobject jdk.jstatd jdk.localedata jdk.management.jfr jdk.naming.dns jdk.naming.rmi jdk.net jdk.nio.mapmode jdk.random jdk.sctp jdk.security.auth jdk.security.jgss jdk.unsupported jdk.unsupported.desktop jdk.xml.dom" 

Environment Variables:
JAVA_HOME=C:\Program Files\Java\jdk-21
PATH=C:\Program Files\Common Files\Oracle\Java\javapath;C:\WINDOWS\system32;C:\WINDOWS;C:\WINDOWS\System32\Wbem;C:\WINDOWS\System32\WindowsPowerShell\v1.0\;C:\WINDOWS\System32\OpenSSH\;C:\ProgramData\chocolatey\bin;C:\Program Files\Git\cmd;C:\Users\Hp\AppData\Local\Programs\Python\Python312\python.exe;C:\Program Files\Java\jdk-21\bin;C:\Program Files\nodejs\;C:\Program Files\PowerShell\7\;C:\Program Files\dotnet\;C:\Program Files\Microsoft SQL Server\170\Tools\Binn\;C:\Program Files\Microsoft SQL Server\Client SDK\ODBC\170\Tools\Binn\;C:\Users\Hp\.pyenv\pyenv-win\bin;C:\Users\Hp\.pyenv\pyenv-win\shims;C:\Users\Hp\AppData\Local\Programs\Python\Python312\Scripts\;C:\Users\Hp\AppData\Local\Programs\Python\Python312\;C:\Users\Hp\AppData\Local\Programs\Python\Launcher\;C:\Users\Hp\AppData\Local\Microsoft\WindowsApps;C:\msys64\ucrt64\bin;C:\Program Files\MongoDB\Server\7.0\bin;C:\Users\Hp\AppData\Local\GitHubDesktop\bin;C:\Users\Hp\AppData\Roaming\npm;C:\Users\Hp\AppData\Local\Programs\Microsoft VS Code\bin;C:\Users\Hp\.dotnet\tools;C:\Users\Hp\AppData\Local\Programs\Antigravity\bin;C:\Users\Hp\AppData\Local\Programs\cursor\resources\app\bin
USERNAME=Hp
OS=Windows_NT
PROCESSOR_IDENTIFIER=Intel64 Family 6 Model 142 Stepping 10, GenuineIntel
TMP=C:\Users\Hp\AppData\Local\Temp
TEMP=C:\Users\Hp\AppData\Local\Temp




Periodic native trim disabled

---------------  S Y S T E M  ---------------

OS:
 Windows 11 , 64 bit Build 26100 (10.0.26100.7705)
OS uptime: 0 days 16:02 hours
Hyper-V role detected

CPU: total 8 (initial active 8) (4 cores per cpu, 2 threads per core) family 6 model 142 stepping 10 microcode 0xe0, cx8, cmov, fxsr, ht, mmx, 3dnowpref, sse, sse2, sse3, ssse3, sse4.1, sse4.2, popcnt, lzcnt, tsc, tscinvbit, avx, avx2, aes, erms, clmul, bmi1, bmi2, adx, fma, vzeroupper, clflush, clflushopt, hv, rdtscp, f16c
Processor Information for the first 8 processors :
  Max Mhz: 1801, Current Mhz: 1801, Mhz Limit: 1801

Memory: 4k page, system-wide physical 8106M (424M free)
TotalPageFile size 20394M (AvailPageFile size 1M)
current process WorkingSet (physical memory assigned to process): 9M, peak: 339M
current process commit charge ("private bytes"): 498M, peak: 499M

vm_info: OpenJDK 64-Bit Server VM (21.0.9+10-LTS) for windows-amd64 JRE (21.0.9+10-LTS), built on 2025-10-21T00:00:00Z by "admin" with unknown MS VC++:1942

END.
